val it = () : unit
val test_1 = "Passed" : string
val test_2 = "Passed" : string
- 
